de/lmu/ifi/dbs/elki/algorithm/clustering/kmeans/KMediansLloydTest.class
de/lmu/ifi/dbs/elki/algorithm/clustering/hierarchical/AnderbergHierarchicalClusteringTest.class
de/lmu/ifi/dbs/elki/math/statistics/distribution/GumbelDistributionTest.class
de/lmu/ifi/dbs/elki/algorithm/clustering/kmeans/KMedoidsPAMTest.class
de/lmu/ifi/dbs/elki/algorithm/outlier/lof/LoOPTest.class
de/lmu/ifi/dbs/elki/math/MeanVarianceTest.class
de/lmu/ifi/dbs/elki/algorithm/clustering/optics/OPTICSHeapTest.class
de/lmu/ifi/dbs/elki/index/preprocessed/MaterializedKNNAndRKNNPreprocessorTest.class
de/lmu/ifi/dbs/elki/distance/distancefunction/strings/LevenshteinDistanceFunctionTest.class
de/lmu/ifi/dbs/elki/algorithm/clustering/affinitypropagation/AffinityPropagationClusteringAlgorithmTest.class
de/lmu/ifi/dbs/elki/math/statistics/dependence/MutualInformationEquiwidthDependenceMeasureTest.class
de/lmu/ifi/dbs/elki/algorithm/clustering/correlation/COPACTest.class
de/lmu/ifi/dbs/elki/evaluation/paircounting/ClusterContingencyTableTest.class
de/lmu/ifi/dbs/elki/utilities/datastructures/histogram/DoubleHistogramTest.class
de/lmu/ifi/dbs/elki/algorithm/outlier/lof/ALOCITest.class
de/lmu/ifi/dbs/elki/algorithm/outlier/lof/parallel/ParallelLOFTest.class
de/lmu/ifi/dbs/elki/algorithm/outlier/lof/LDFTest.class
de/lmu/ifi/dbs/elki/algorithm/clustering/optics/FastOPTICSTest.class
de/lmu/ifi/dbs/elki/algorithm/outlier/OPTICSOFTest.class
de/lmu/ifi/dbs/elki/math/statistics/distribution/ChiSquaredDistributionTest.class
de/lmu/ifi/dbs/elki/algorithm/outlier/COPTest.class
de/lmu/ifi/dbs/elki/distance/distancefunction/strings/NormalizedLevenshteinDistanceFunctionTest.class
de/lmu/ifi/dbs/elki/algorithm/clustering/kmeans/initialization/RandomlyGeneratedInitialMeansTest.class
de/lmu/ifi/dbs/elki/math/statistics/distribution/BetaDistributionTest.class
de/lmu/ifi/dbs/elki/math/statistics/distribution/WeibullDistributionTest.class
de/lmu/ifi/dbs/elki/algorithm/clustering/correlation/CASHTest.class
de/lmu/ifi/dbs/elki/algorithm/clustering/subspace/P3CTest.class
de/lmu/ifi/dbs/elki/algorithm/outlier/distance/DBOutlierScoreTest.class
de/lmu/ifi/dbs/elki/algorithm/clustering/kmeans/KMeansHamerlyTest.class
de/lmu/ifi/dbs/elki/algorithm/outlier/meta/FeatureBaggingTest.class
de/lmu/ifi/dbs/elki/distance/distancefunction/correlation/PearsonCorrelationDistanceFunctionTest.class
de/lmu/ifi/dbs/elki/math/statistics/dependence/JensenShannonEquiwidthDependenceMeasureTest.class
de/lmu/ifi/dbs/elki/algorithm/outlier/SimpleCOPTest.class
de/lmu/ifi/dbs/elki/utilities/datastructures/unionfind/WeightedQuickUnionRangeDBIDsTest.class
de/lmu/ifi/dbs/elki/algorithm/outlier/distance/ODINTest.class
de/lmu/ifi/dbs/elki/algorithm/outlier/subspace/SODTest.class
de/lmu/ifi/dbs/elki/algorithm/clustering/kmeans/initialization/SampleKMeansInitializationTest.class
de/lmu/ifi/dbs/elki/algorithm/outlier/anglebased/LBABODTest.class
de/lmu/ifi/dbs/elki/math/weightfunctions/WeightFunctionsTest.class
de/lmu/ifi/dbs/elki/algorithm/clustering/kmeans/initialization/KMeansPlusPlusInitialMeansTest.class
de/lmu/ifi/dbs/elki/math/geodesy/EarthModelsTest.class
de/lmu/ifi/dbs/elki/algorithm/clustering/kmeans/KMeansHybridLloydMacQueenTest.class
de/lmu/ifi/dbs/elki/algorithm/clustering/kmeans/initialization/RandomlyChosenInitialMeansTest.class
de/lmu/ifi/dbs/elki/distance/distancefunction/external/FileBasedDoubleDistanceFunctionTest.class
de/lmu/ifi/dbs/elki/algorithm/outlier/clustering/EMOutlierTest.class
de/lmu/ifi/dbs/elki/math/statistics/distribution/LogisticDistributionTest.class
de/lmu/ifi/dbs/elki/algorithm/clustering/kmeans/KMeansBatchedLloydTest.class
de/lmu/ifi/dbs/elki/utilities/datastructures/QuickSelectTest.class
de/lmu/ifi/dbs/elki/algorithm/clustering/optics/DeLiCluTest.class
de/lmu/ifi/dbs/elki/algorithm/clustering/hierarchical/CLINKTest.class
de/lmu/ifi/dbs/elki/math/MathUtilTest.class
de/lmu/ifi/dbs/elki/math/statistics/dependence/CorrelationDependenceMeasureTest.class
de/lmu/ifi/dbs/elki/algorithm/outlier/GaussianUniformMixtureTest.class
de/lmu/ifi/dbs/elki/algorithm/outlier/meta/HiCSTest.class
de/lmu/ifi/dbs/elki/algorithm/outlier/distance/parallel/ParallelKNNWeightOutlierTest.class
de/lmu/ifi/dbs/elki/utilities/datastructures/histogram/FlexiHistogramTest$1.class
de/lmu/ifi/dbs/elki/index/AbstractIndexStructureTest.class
de/lmu/ifi/dbs/elki/math/StatisticalMomentsTest.class
de/lmu/ifi/dbs/elki/algorithm/KNNJoinTest.class
de/lmu/ifi/dbs/elki/algorithm/clustering/optics/OPTICSListTest.class
de/lmu/ifi/dbs/elki/database/SortingDuplicatesTest.class
de/lmu/ifi/dbs/elki/distance/distancefunction/correlation/AbsolutePearsonCorrelationDistanceFunctionTest.class
de/lmu/ifi/dbs/elki/math/statistics/dependence/AbstractDependenceMeasureTest.class
de/lmu/ifi/dbs/elki/algorithm/outlier/clustering/KMeansOutlierDetectionTest.class
de/lmu/ifi/dbs/elki/distance/distancefunction/correlation/AbsoluteUncenteredCorrelationDistanceFunctionTest.class
de/lmu/ifi/dbs/elki/persistent/OnDiskArrayTest.class
de/lmu/ifi/dbs/elki/algorithm/outlier/lof/COFTest.class
de/lmu/ifi/dbs/elki/algorithm/outlier/lof/FlexibleLOFTest.class
de/lmu/ifi/dbs/elki/index/tree/metrical/covertree/CoverTreeTest.class
de/lmu/ifi/dbs/elki/distance/distancefunction/SpatialPrimitiveDistanceFunctionTest.class
de/lmu/ifi/dbs/elki/algorithm/AbstractSimpleAlgorithmTest.class
de/lmu/ifi/dbs/elki/algorithm/outlier/distance/KNNWeightOutlierTest.class
de/lmu/ifi/dbs/elki/index/vafile/VAFileTest.class
de/lmu/ifi/dbs/elki/algorithm/clustering/kmeans/KMeansMacQueenTest.class
de/lmu/ifi/dbs/elki/algorithm/clustering/gdbscan/GeneralizedDBSCANTest.class
de/lmu/ifi/dbs/elki/algorithm/outlier/lof/SimplifiedLOFTest.class
de/lmu/ifi/dbs/elki/index/LinearScanReferenceTest.class
de/lmu/ifi/dbs/elki/algorithm/clustering/correlation/ERiCTest.class
de/lmu/ifi/dbs/elki/algorithm/clustering/DBSCANTest.class
de/lmu/ifi/dbs/elki/algorithm/outlier/DWOFTest.class
de/lmu/ifi/dbs/elki/algorithm/outlier/lof/LDOFTest.class
de/lmu/ifi/dbs/elki/utilities/datastructures/unionfind/WeightedQuickUnionStaticDBIDsTest.class
de/lmu/ifi/dbs/elki/distance/distancefunction/correlation/SquaredPearsonCorrelationDistanceFunctionTest.class
de/lmu/ifi/dbs/elki/distance/distancefunction/timeseries/DTWDistanceFunctionTest.class
de/lmu/ifi/dbs/elki/algorithm/outlier/lof/SimpleKernelDensityLOFTest.class
de/lmu/ifi/dbs/elki/algorithm/clustering/kmeans/KMeansSortTest.class
de/lmu/ifi/dbs/elki/math/geometry/PrimsMinimumSpanningTreeTest.class
de/lmu/ifi/dbs/elki/algorithm/clustering/correlation/LMCLUSTest.class
de/lmu/ifi/dbs/elki/math/statistics/distribution/AbstractDistributionTest.class
de/lmu/ifi/dbs/elki/index/tree/spatial/rstarvariants/rstar/RStarTreeTest.class
de/lmu/ifi/dbs/elki/math/statistics/distribution/NormalDistributionTest.class
de/lmu/ifi/dbs/elki/math/statistics/distribution/GammaDistributionTest.class
de/lmu/ifi/dbs/elki/algorithm/clustering/kmeans/SingleAssignmentKMeansTest.class
de/lmu/ifi/dbs/elki/math/statistics/distribution/GeneralizedParetoDistributionTest.class
de/lmu/ifi/dbs/elki/algorithm/clustering/kmeans/KMeansMinusMinusTest.class
de/lmu/ifi/dbs/elki/math/PearsonCorrelationTest.class
de/lmu/ifi/dbs/elki/index/tree/metrical/mtreevariants/mtree/MTreeTest.class
de/lmu/ifi/dbs/elki/algorithm/clustering/kmeans/quality/WithinClusterVarianceQualityMeasureTest.class
de/lmu/ifi/dbs/elki/evaluation/scores/MaximumF1EvaluationTest.class
de/lmu/ifi/dbs/elki/distance/similarityfunction/kernel/LinearKernelFunctionTest.class
de/lmu/ifi/dbs/elki/algorithm/clustering/kmeans/initialization/FarthestSumPointsInitialMeansTest.class
de/lmu/ifi/dbs/elki/index/invertedlist/InMemoryInvertedIndexTest.class
de/lmu/ifi/dbs/elki/algorithm/clustering/subspace/DiSHTest.class
de/lmu/ifi/dbs/elki/math/scales/LinearScaleTest.class
de/lmu/ifi/dbs/elki/algorithm/clustering/kmeans/initialization/PAMInitialMeansTest.class
de/lmu/ifi/dbs/elki/algorithm/clustering/subspace/CLIQUETest.class
de/lmu/ifi/dbs/elki/algorithm/clustering/gdbscan/parallel/ParallelGeneralizedDBSCANTest.class
de/lmu/ifi/dbs/elki/math/statistics/distribution/ExponentialDistributionTest.class
de/lmu/ifi/dbs/elki/algorithm/clustering/kmeans/initialization/FirstKInitialMeansTest.class
de/lmu/ifi/dbs/elki/algorithm/outlier/lof/OnlineLOFTest.class
de/lmu/ifi/dbs/elki/math/statistics/distribution/GeneralizedLogisticDistributionTest.class
de/lmu/ifi/dbs/elki/math/MeanTest.class
de/lmu/ifi/dbs/elki/distance/distancefunction/timeseries/DerivativeDTWDistanceFunctionTest.class
de/lmu/ifi/dbs/elki/algorithm/outlier/distance/DBOutlierDetectionTest.class
de/lmu/ifi/dbs/elki/evaluation/scores/ROCEvaluationTest.class
de/lmu/ifi/dbs/elki/math/statistics/distribution/HaltonUniformDistributionTest.class
de/lmu/ifi/dbs/elki/math/MatrixTest.class
de/lmu/ifi/dbs/elki/math/AffineTransformationTest.class
de/lmu/ifi/dbs/elki/math/SinCosTableTest.class
de/lmu/ifi/dbs/elki/algorithm/clustering/kmeans/KMedoidsEMTest.class
de/lmu/ifi/dbs/elki/algorithm/outlier/distance/HilOutTest.class
de/lmu/ifi/dbs/elki/math/KernelDensityFittingTest.class
de/lmu/ifi/dbs/elki/index/idistance/IDistanceTest.class
de/lmu/ifi/dbs/elki/math/statistics/dependence/DistanceCorrelationDependenceMeasureTest.class
de/lmu/ifi/dbs/elki/algorithm/outlier/lof/VarianceOfVolumeTest.class
de/lmu/ifi/dbs/elki/algorithm/outlier/anglebased/ABODTest.class
de/lmu/ifi/dbs/elki/evaluation/scores/AveragePrecisionEvaluationTest.class
de/lmu/ifi/dbs/elki/algorithm/clustering/kmeans/quality/WithinClusterMeanDistanceQualityMeasureTest.class
de/lmu/ifi/dbs/elki/algorithm/clustering/hierarchical/SLINKTest.class
de/lmu/ifi/dbs/elki/algorithm/clustering/kmeans/initialization/FarthestPointsInitialMeansTest.class
de/lmu/ifi/dbs/elki/algorithm/outlier/clustering/SilhouetteOutlierDetectionTest.class
de/lmu/ifi/dbs/elki/algorithm/outlier/distance/KNNOutlierTest.class
de/lmu/ifi/dbs/elki/utilities/datastructures/histogram/FlexiHistogramTest.class
de/lmu/ifi/dbs/elki/algorithm/clustering/correlation/FourCTest.class
de/lmu/ifi/dbs/elki/algorithm/outlier/lof/LOCITest.class
de/lmu/ifi/dbs/elki/algorithm/clustering/kmeans/CLARATest.class
de/lmu/ifi/dbs/elki/algorithm/outlier/subspace/AggarwalYuNaiveTest.class
de/lmu/ifi/dbs/elki/evaluation/scores/PrecisionAtKEvaluationTest.class
de/lmu/ifi/dbs/elki/data/VectorUtilTest.class
de/lmu/ifi/dbs/elki/algorithm/outlier/distance/parallel/ParallelKNNOutlierTest.class
de/lmu/ifi/dbs/elki/math/statistics/distribution/GeneralizedExtremeValueDistributionTest.class
de/lmu/ifi/dbs/elki/algorithm/outlier/lof/parallel/ParallelSimplifiedLOFTest.class
de/lmu/ifi/dbs/elki/algorithm/clustering/SNNClusteringTest.class
de/lmu/ifi/dbs/elki/persistent/ByteArrayUtilTest.class
de/lmu/ifi/dbs/elki/math/LevenbergMarquardtGaussianFittingTest.class
de/lmu/ifi/dbs/elki/algorithm/clustering/kmeans/XMeansTest.class
de/lmu/ifi/dbs/elki/algorithm/clustering/kmeans/parallel/ParallelLloydKMeansTest.class
de/lmu/ifi/dbs/elki/algorithm/clustering/subspace/PROCLUSTest.class
de/lmu/ifi/dbs/elki/algorithm/clustering/correlation/ORCLUSTest.class
de/lmu/ifi/dbs/elki/algorithm/outlier/anglebased/FastABODTest.class
de/lmu/ifi/dbs/elki/datasource/parser/TermFrequencyParserTest.class
de/lmu/ifi/dbs/elki/algorithm/clustering/hierarchical/AGNESTest.class
de/lmu/ifi/dbs/elki/math/statistics/dependence/SpearmanCorrelationDependenceMeasureTest.class
de/lmu/ifi/dbs/elki/index/tree/spatial/kd/SmallMemoryKDTreeTest.class
de/lmu/ifi/dbs/elki/math/statistics/tests/AndersonDarlingTestTest.class
de/lmu/ifi/dbs/elki/algorithm/clustering/subspace/PreDeConTest.class
de/lmu/ifi/dbs/elki/algorithm/clustering/kmeans/KMeansBisectingTest.class
de/lmu/ifi/dbs/elki/distance/distancefunction/correlation/UncenteredCorrelationDistanceFunctionTest.class
de/lmu/ifi/dbs/elki/algorithm/clustering/GriDBSCANTest.class
de/lmu/ifi/dbs/elki/algorithm/clustering/kmeans/KMeansCompareTest.class
de/lmu/ifi/dbs/elki/algorithm/clustering/kmeans/KMeansElkanTest.class
de/lmu/ifi/dbs/elki/math/statistics/distribution/LogNormalDistributionTest.class
de/lmu/ifi/dbs/elki/algorithm/clustering/subspace/DOCTest.class
de/lmu/ifi/dbs/elki/database/RelationSortingTest.class
de/lmu/ifi/dbs/elki/algorithm/clustering/subspace/SUBCLUTest.class
de/lmu/ifi/dbs/elki/index/tree/metrical/covertree/SimplifiedCoverTreeTest.class
de/lmu/ifi/dbs/elki/algorithm/outlier/lof/LOFTest.class
de/lmu/ifi/dbs/elki/algorithm/outlier/lof/KDEOSTest.class
de/lmu/ifi/dbs/elki/distance/distancefunction/correlation/SquaredUncenteredCorrelationDistanceFunctionTest.class
de/lmu/ifi/dbs/elki/math/statistics/distribution/UniformDistributionTest.class
de/lmu/ifi/dbs/elki/algorithm/clustering/em/EMTest.class
de/lmu/ifi/dbs/elki/persistent/OnDiskUpperTriangleMatrixTest.class
de/lmu/ifi/dbs/elki/index/lsh/hashfamilies/CosineHashFunctionFamilyTest.class
de/lmu/ifi/dbs/elki/math/statistics/tests/StandardizedTwoSampleAndersonDarlingTestTest.class
de/lmu/ifi/dbs/elki/algorithm/outlier/distance/LocalIsolationCoefficientTest.class
de/lmu/ifi/dbs/elki/data/spatial/PolygonTest.class
de/lmu/ifi/dbs/elki/index/vafile/PartialVAFileTest.class
de/lmu/ifi/dbs/elki/index/tree/spatial/kd/MinimalisticMemoryKDTreeTest.class
de/lmu/ifi/dbs/elki/algorithm/clustering/kmeans/KMeansLloydTest.class
de/lmu/ifi/dbs/elki/algorithm/outlier/subspace/AggarwalYuEvolutionaryTest.class
de/lmu/ifi/dbs/elki/math/statistics/distribution/LogGammaAlternateDistributionTest.class
de/lmu/ifi/dbs/elki/algorithm/outlier/distance/ReferenceBasedOutlierDetectionTest.class
de/lmu/ifi/dbs/elki/algorithm/outlier/GaussianModelTest.class
de/lmu/ifi/dbs/elki/algorithm/clustering/gdbscan/LSDBCTest.class
de/lmu/ifi/dbs/elki/distance/similarityfunction/kernel/PolynomialKernelFunctionTest.class
de/lmu/ifi/dbs/elki/algorithm/outlier/lof/INFLOTest.class
de/lmu/ifi/dbs/elki/math/statistics/distribution/ExponentiallyModifiedGaussianDistributionTest.class
